{
  ACTORS: [
    {
      SLOT_HEADER: 29,
      PLAYER_ALIVE: true,
      PLAYER_PASSWORD: "Don't know what this kind of string is...",
      ACTOR_NAME: 'CIVILIZATION_YEREVAN',
      ACTOR_TYPE: 'CIVILIZATION_LEVEL_CITY_STATE',
      ACTOR_AI_HUMAN: 1,
      LEADER_NAME: 'LEADER_MINOR_CIV_YEREVAN'
    },
    {
      START_ACTOR: 4294967295,
      ACTOR_NAME: 'CIVILIZATION_VALLETTA',
      ACTOR_TYPE: 'CIVILIZATION_LEVEL_CITY_STATE',
      ACTOR_AI_HUMAN: 5,
      LEADER_NAME: 'LEADER_MINOR_CIV_VALLETTA'
    },
    {
      SLOT_HEADER: 26,
      ACTOR_NAME: 'CIVILIZATION_SEOUL',
      ACTOR_TYPE: 'CIVILIZATION_LEVEL_CITY_STATE',
      ACTOR_AI_HUMAN: 1,
      LEADER_NAME: 'LEADER_MINOR_CIV_SEOUL'
    },
    {
      START_ACTOR: 4294967295,
      ACTOR_NAME: 'CIVILIZATION_JERUSALEM',
      ACTOR_TYPE: 'CIVILIZATION_LEVEL_CITY_STATE',
      ACTOR_AI_HUMAN: 5,
      LEADER_NAME: 'LEADER_MINOR_CIV_JERUSALEM'
    },
    {
      START_ACTOR: 4294967295,
      ACTOR_NAME: 'CIVILIZATION_LISBON',
      ACTOR_TYPE: 'CIVILIZATION_LEVEL_CITY_STATE',
      ACTOR_AI_HUMAN: 5,
      LEADER_NAME: 'LEADER_MINOR_CIV_LISBON'
    },
    {
      START_ACTOR: 4294967295,
      ACTOR_NAME: 'CIVILIZATION_CARTHAGE',
      ACTOR_TYPE: 'CIVILIZATION_LEVEL_CITY_STATE',
      ACTOR_AI_HUMAN: 5,
      LEADER_NAME: 'LEADER_MINOR_CIV_CARTHAGE'
    },
    {
      START_ACTOR: 4294967295,
      ACTOR_NAME: 'CIVILIZATION_STOCKHOLM',
      ACTOR_TYPE: 'CIVILIZATION_LEVEL_CITY_STATE',
      ACTOR_AI_HUMAN: 5,
      LEADER_NAME: 'LEADER_MINOR_CIV_STOCKHOLM'
    },
    {
      START_ACTOR: 4294967295,
      ACTOR_NAME: 'CIVILIZATION_BRUSSELS',
      ACTOR_TYPE: 'CIVILIZATION_LEVEL_CITY_STATE',
      ACTOR_AI_HUMAN: 5,
      LEADER_NAME: 'LEADER_MINOR_CIV_BRUSSELS'
    },
    {
      START_ACTOR: 4294967295,
      ACTOR_NAME: 'CIVILIZATION_KABUL',
      ACTOR_TYPE: 'CIVILIZATION_LEVEL_CITY_STATE',
      ACTOR_AI_HUMAN: 5,
      LEADER_NAME: 'LEADER_MINOR_CIV_KABUL'
    },
    {
      SLOT_HEADER: 26,
      ACTOR_NAME: 'CIVILIZATION_MOHENJO_DARO',
      ACTOR_TYPE: 'CIVILIZATION_LEVEL_CITY_STATE',
      ACTOR_AI_HUMAN: 1,
      LEADER_NAME: 'LEADER_MINOR_CIV_MOHENJO_DARO'
    },
    {
      START_ACTOR: 4294967295,
      ACTOR_NAME: 'CIVILIZATION_TORONTO',
      ACTOR_TYPE: 'CIVILIZATION_LEVEL_CITY_STATE',
      ACTOR_AI_HUMAN: 5,
      LEADER_NAME: 'LEADER_MINOR_CIV_TORONTO'
    },
    {
      START_ACTOR: 1920958218,
      ACTOR_NAME: 'CIVILIZATION_BARBARIAN',
      ACTOR_TYPE: 'CIVILIZATION_LEVEL_TRIBE',
      ACTOR_AI_HUMAN: 1
    },
    {
      START_ACTOR: 4294967295,
      ACTOR_NAME: 'CIVILIZATION_VILNIUS',
      ACTOR_TYPE: 'CIVILIZATION_LEVEL_CITY_STATE',
      ACTOR_AI_HUMAN: 5,
      LEADER_NAME: 'LEADER_MINOR_CIV_VILNIUS'
    },
    {
      START_ACTOR: 4294967295,
      ACTOR_NAME: 'CIVILIZATION_GENEVA',
      ACTOR_TYPE: 'CIVILIZATION_LEVEL_CITY_STATE',
      ACTOR_AI_HUMAN: 5,
      LEADER_NAME: 'LEADER_MINOR_CIV_GENEVA'
    },
    {
      SLOT_HEADER: 26,
      ACTOR_NAME: 'CIVILIZATION_KUMASI',
      ACTOR_TYPE: 'CIVILIZATION_LEVEL_CITY_STATE',
      ACTOR_AI_HUMAN: 1,
      LEADER_NAME: 'LEADER_MINOR_CIV_KUMASI'
    },
    {
      START_ACTOR: 4294967295,
      ACTOR_NAME: 'CIVILIZATION_BUENOS_AIRES',
      ACTOR_TYPE: 'CIVILIZATION_LEVEL_CITY_STATE',
      ACTOR_AI_HUMAN: 5,
      LEADER_NAME: 'LEADER_MINOR_CIV_BUENOS_AIRES'
    },
    {
      START_ACTOR: 4294967295,
      ACTOR_NAME: 'CIVILIZATION_AMSTERDAM',
      ACTOR_TYPE: 'CIVILIZATION_LEVEL_CITY_STATE',
      ACTOR_AI_HUMAN: 5,
      LEADER_NAME: 'LEADER_MINOR_CIV_AMSTERDAM'
    },
    {
      SLOT_HEADER: 21,
      ACTOR_NAME: 'CIVILIZATION_NAN_MADOL',
      ACTOR_TYPE: 'CIVILIZATION_LEVEL_CITY_STATE',
      ACTOR_AI_HUMAN: 1,
      LEADER_NAME: 'LEADER_MINOR_CIV_NAN_MADOL'
    },
    {
      START_ACTOR: 4294967295,
      ACTOR_NAME: 'CIVILIZATION_ZANZIBAR',
      ACTOR_TYPE: 'CIVILIZATION_LEVEL_CITY_STATE',
      ACTOR_AI_HUMAN: 5,
      LEADER_NAME: 'LEADER_MINOR_CIV_ZANZIBAR'
    },
    {
      START_ACTOR: 4294967295,
      ACTOR_NAME: 'CIVILIZATION_HONG_KONG',
      ACTOR_TYPE: 'CIVILIZATION_LEVEL_CITY_STATE',
      ACTOR_AI_HUMAN: 5,
      LEADER_NAME: 'LEADER_MINOR_CIV_HONG_KONG'
    },
    {
      START_ACTOR: 4294967295,
      ACTOR_NAME: 'CIVILIZATION_PRESLAV',
      ACTOR_TYPE: 'CIVILIZATION_LEVEL_CITY_STATE',
      ACTOR_AI_HUMAN: 5,
      LEADER_NAME: 'LEADER_MINOR_CIV_PRESLAV'
    },
    {
      SLOT_HEADER: 21,
      ACTOR_NAME: 'CIVILIZATION_LA_VENTA',
      ACTOR_TYPE: 'CIVILIZATION_LEVEL_CITY_STATE',
      ACTOR_AI_HUMAN: 1,
      LEADER_NAME: 'LEADER_MINOR_CIV_LA_VENTA'
    },
    {
      START_ACTOR: 4294967295,
      ACTOR_NAME: 'CIVILIZATION_JAKARTA',
      ACTOR_TYPE: 'CIVILIZATION_LEVEL_CITY_STATE',
      ACTOR_AI_HUMAN: 5,
      LEADER_NAME: 'LEADER_MINOR_CIV_JAKARTA'
    },
    {
      START_ACTOR: 4294967295,
      ACTOR_NAME: 'CIVILIZATION_HATTUSA',
      ACTOR_TYPE: 'CIVILIZATION_LEVEL_CITY_STATE',
      ACTOR_AI_HUMAN: 5,
      LEADER_NAME: 'LEADER_MINOR_CIV_HATTUSA'
    },
    {
      SLOT_HEADER: 26,
      ACTOR_NAME: 'CIVILIZATION_KANDY',
      ACTOR_TYPE: 'CIVILIZATION_LEVEL_CITY_STATE',
      ACTOR_AI_HUMAN: 1,
      LEADER_NAME: 'LEADER_MINOR_CIV_KANDY'
    },
    {
      SLOT_HEADER: 23,
      PLAYER_ALIVE: true,
      PLAYER_PASSWORD: "Don't know what this kind of string is...",
      ACTOR_NAME: 'CIVILIZATION_NORWAY',
      ACTOR_TYPE: 'CIVILIZATION_LEVEL_FULL_CIV',
      ACTOR_AI_HUMAN: 3,
      PLAYER_NAME: 'plutonium',
      LEADER_NAME: 'LEADER_HARDRADA'
    },
    {
      SLOT_HEADER: 25,
      PLAYER_ALIVE: true,
      PLAYER_PASSWORD: "Don't know what this kind of string is...",
      IS_CURRENT_TURN: false,
      ACTOR_NAME: 'CIVILIZATION_GERMANY',
      ACTOR_TYPE: 'CIVILIZATION_LEVEL_FULL_CIV',
      ACTOR_AI_HUMAN: 2,
      PLAYER_NAME: 'deakin',
      LEADER_NAME: 'LEADER_BARBAROSSA'
    },
    {
      SLOT_HEADER: 23,
      PLAYER_ALIVE: true,
      PLAYER_PASSWORD: "Don't know what this kind of string is...",
      ACTOR_NAME: 'CIVILIZATION_JAPAN',
      ACTOR_TYPE: 'CIVILIZATION_LEVEL_FULL_CIV',
      ACTOR_AI_HUMAN: 3,
      PLAYER_NAME: 'spoon',
      LEADER_NAME: 'LEADER_HOJO'
    },
    {
      SLOT_HEADER: 23,
      PLAYER_ALIVE: true,
      PLAYER_PASSWORD: "Don't know what this kind of string is...",
      ACTOR_NAME: 'CIVILIZATION_ROME',
      ACTOR_TYPE: 'CIVILIZATION_LEVEL_FULL_CIV',
      ACTOR_AI_HUMAN: 3,
      PLAYER_NAME: 'blazy',
      LEADER_NAME: 'LEADER_TRAJAN'
    }
  ],
  CIVS: [
    {
      SLOT_HEADER: 31,
      PLAYER_ALIVE: false,
      PLAYER_PASSWORD: 'RxckXUiPSg',
      IS_CURRENT_TURN: false,
      ACTOR_NAME: 'CIVILIZATION_GERMANY',
      ACTOR_TYPE: 'CIVILIZATION_LEVEL_FULL_CIV',
      ACTOR_AI_HUMAN: 3,
      PLAYER_NAME: 'Gold Teeth',
      LEADER_NAME: 'LEADER_BARBAROSSA'
    },
    {
      SLOT_HEADER: 31,
      PLAYER_ALIVE: true,
      PLAYER_PASSWORD: 'hheDlascDn',
      IS_CURRENT_TURN: false,
      ACTOR_NAME: 'CIVILIZATION_NORWAY',
      ACTOR_TYPE: 'CIVILIZATION_LEVEL_FULL_CIV',
      ACTOR_AI_HUMAN: 3,
      PLAYER_NAME: 'Original Gamer',
      LEADER_NAME: 'LEADER_HARDRADA'
    },
    {
      SLOT_HEADER: 30,
      PLAYER_ALIVE: true,
      PLAYER_PASSWORD: 'AjQPIAcnSv',
      IS_CURRENT_TURN: false,
      ACTOR_NAME: 'CIVILIZATION_JAPAN',
      ACTOR_TYPE: 'CIVILIZATION_LEVEL_FULL_CIV',
      ACTOR_AI_HUMAN: 1,
      PLAYER_NAME: 'kthx',
      LEADER_NAME: 'LEADER_HOJO'
    },
    {
      SLOT_HEADER: 31,
      PLAYER_ALIVE: true,
      IS_CURRENT_TURN: false,
      ACTOR_NAME: 'CIVILIZATION_ROME',
      ACTOR_TYPE: 'CIVILIZATION_LEVEL_FULL_CIV',
      ACTOR_AI_HUMAN: 3,
      PLAYER_NAME: 'nath0rn',
      LEADER_NAME: 'LEADER_TRAJAN',
      PLAYER_PASSWORD: 'tzvKbYPwuj'
    },
    {
      SLOT_HEADER: 29,
      PLAYER_ALIVE: true,
      IS_CURRENT_TURN: true,
      ACTOR_NAME: 'CIVILIZATION_EGYPT',
      ACTOR_TYPE: 'CIVILIZATION_LEVEL_FULL_CIV',
      ACTOR_AI_HUMAN: 3,
      PLAYER_NAME: 'n3sicles',
      LEADER_NAME: 'LEADER_CLEOPATRA'
    }
  ],
  GAME_SPEED: 'GAMESPEED_ONLINE',
  MAP_SIZE: 'MAPSIZE_SMALL',
  GAME_TURN: 130,
  MAP_FILE: 'Continents.lua'
}
